// Jest Snapshot v1, https://goo.gl/fbAQLP

exports[`Login Screen Testing renders correctly 1`] = `
<RNCSafeAreaView
  edges={
    Array [
      "bottom",
      "left",
      "right",
      "top",
    ]
  }
  style={
    Object {
      "paddingHorizontal": 30,
      "paddingTop": 100,
    }
  }
>
  <View
    style={
      Object {
        "alignItems": "center",
      }
    }
  >
    <TextInput
      onChangeText={[Function]}
      placeholder="Enter Email"
      style={
        Object {
          "fontSize": 32,
          "marginTop": 20,
          "width": "80%",
        }
      }
      testID="email"
    />
    <TextInput
      onChangeText={[Function]}
      placeholder="Enter Password"
      secureTextEntry={true}
      style={
        Object {
          "fontSize": 32,
          "marginTop": 20,
          "width": "80%",
        }
      }
      testID="password"
    />
    <View
      accessible={true}
      collapsable={false}
      focusable={true}
      onClick={[Function]}
      onResponderGrant={[Function]}
      onResponderMove={[Function]}
      onResponderRelease={[Function]}
      onResponderTerminate={[Function]}
      onResponderTerminationRequest={[Function]}
      onStartShouldSetResponder={[Function]}
      style={
        Object {
          "opacity": 1,
        }
      }
      testID="Login"
    >
      <Text
        style={
          Object {
            "color": "steelblue",
            "fontSize": 32,
            "marginTop": 50,
          }
        }
      >
        Login
      </Text>
    </View>
  </View>
  <View
    accessible={true}
    collapsable={false}
    focusable={true}
    onClick={[Function]}
    onResponderGrant={[Function]}
    onResponderMove={[Function]}
    onResponderRelease={[Function]}
    onResponderTerminate={[Function]}
    onResponderTerminationRequest={[Function]}
    onStartShouldSetResponder={[Function]}
    style={
      Object {
        "alignItems": "flex-end",
        "opacity": 1,
        "textAlign": "right",
      }
    }
    testID="Register"
  >
    <Text
      style={
        Object {
          "fontSize": 18,
          "marginTop": 50,
        }
      }
    >
      Register
    </Text>
  </View>
</RNCSafeAreaView>
`;
