// Jest Snapshot v1, https://goo.gl/fbAQLP

exports[`Splash Screen Testing renders correctly 1`] = `
<RNCSafeAreaView
  edges={
    Array [
      "bottom",
      "left",
      "right",
      "top",
    ]
  }
  style={
    Object {
      "alignItems": "center",
      "flex": 1,
      "justifyContent": "center",
    }
  }
>
  <Text>
    Welcome to IW Training App
  </Text>
  <ActivityIndicator
    size="large"
  />
</RNCSafeAreaView>
`;
