// Jest Snapshot v1, https://goo.gl/fbAQLP

exports[`Profile Screen Testing renders correctly 1`] = `
<RNCSafeAreaView
  edges={
    Array [
      "bottom",
      "left",
      "right",
      "top",
    ]
  }
  style={
    Object {
      "alignItems": "center",
      "flex": 1,
      "justifyContent": "center",
    }
  }
>
  <Text>
    Welcomeundefined
  </Text>
  <View
    accessible={true}
    collapsable={false}
    focusable={true}
    onClick={[Function]}
    onResponderGrant={[Function]}
    onResponderMove={[Function]}
    onResponderRelease={[Function]}
    onResponderTerminate={[Function]}
    onResponderTerminationRequest={[Function]}
    onStartShouldSetResponder={[Function]}
    style={
      Object {
        "alignItems": "flex-end",
        "opacity": 1,
      }
    }
    testID="logout"
  >
    <Text
      style={
        Object {
          "color": "steelblue",
          "fontSize": 18,
          "marginTop": 150,
        }
      }
    >
      Logout
    </Text>
  </View>
</RNCSafeAreaView>
`;
